// Jest Snapshot v1, https://goo.gl/fbAQLP

exports[`Shoulde render CareItem component 1`] = `
<div>
  <div
    class="CareItem"
  >
    <img
      alt="title_test"
      src="https://res.cloudinary.com/dvoduabha/image/upload/v1679933916/we_care/protect_ofonsc.webp"
    />
    <div
      class="wrapperText"
    >
      <h2>
        title_test
      </h2>
      <p>
        text_title
      </p>
    </div>
  </div>
</div>
`;
