// Jest Snapshot v1, https://goo.gl/fbAQLP

exports[`should render Benefits component 1`] = `
<div>
  <div
    class="Benefits"
  >
    <h1>
      Why you should create an account on cofee shop
    </h1>
    <p>
      <svg
        fill="none"
        height="50"
        stroke="currentColor"
        stroke-linecap="round"
        stroke-linejoin="round"
        stroke-width="2"
        viewBox="0 0 24 24"
        width="50"
        xmlns="http://www.w3.org/2000/svg"
      >
        <path
          d="M0 0h24v24H0z"
          fill="none"
          stroke="none"
        />
        <path
          d="M5 8h8.5a2.5 2.5 0 1 0 -2.34 -3.24"
        />
        <path
          d="M3 12h15.5a2.5 2.5 0 1 1 -2.34 3.24"
        />
        <path
          d="M4 16h5.5a2.5 2.5 0 1 1 -2.34 3.24"
        />
      </svg>
       
      <span>
        Order faster
      </span>
    </p>
    <p>
      <svg
        fill="currentColor"
        height="50"
        stroke="currentColor"
        stroke-width="0"
        viewBox="0 0 16 16"
        width="50"
        xmlns="http://www.w3.org/2000/svg"
      >
        <path
          d="M14.5 3a.5.5 0 0 1 .5.5v9a.5.5 0 0 1-.5.5h-13a.5.5 0 0 1-.5-.5v-9a.5.5 0 0 1 .5-.5h13zm-13-1A1.5 1.5 0 0 0 0 3.5v9A1.5 1.5 0 0 0 1.5 14h13a1.5 1.5 0 0 0 1.5-1.5v-9A1.5 1.5 0 0 0 14.5 2h-13z"
        />
        <path
          d="M7 5.5a.5.5 0 0 1 .5-.5h5a.5.5 0 0 1 0 1h-5a.5.5 0 0 1-.5-.5zm-1.496-.854a.5.5 0 0 1 0 .708l-1.5 1.5a.5.5 0 0 1-.708 0l-.5-.5a.5.5 0 1 1 .708-.708l.146.147 1.146-1.147a.5.5 0 0 1 .708 0zM7 9.5a.5.5 0 0 1 .5-.5h5a.5.5 0 0 1 0 1h-5a.5.5 0 0 1-.5-.5zm-1.496-.854a.5.5 0 0 1 0 .708l-1.5 1.5a.5.5 0 0 1-.708 0l-.5-.5a.5.5 0 0 1 .708-.708l.146.147 1.146-1.147a.5.5 0 0 1 .708 0z"
        />
      </svg>
      <span>
        Check previous orders
      </span>
    </p>
    <p>
      <svg
        fill="currentColor"
        height="50"
        stroke="currentColor"
        stroke-width="0"
        viewBox="0 0 24 24"
        width="50"
        xmlns="http://www.w3.org/2000/svg"
      >
        <path
          d="M12.876.64V.639l8.25 4.763c.541.313.875.89.875 1.515v9.525a1.75 1.75 0 0 1-.875 1.516l-8.25 4.762a1.748 1.748 0 0 1-1.75 0l-8.25-4.763a1.75 1.75 0 0 1-.875-1.515V6.917c0-.625.334-1.202.875-1.515L11.126.64a1.748 1.748 0 0 1 1.75 0Zm-1 1.298L4.251 6.34l7.75 4.474 7.75-4.474-7.625-4.402a.248.248 0 0 0-.25 0Zm.875 19.123 7.625-4.402a.25.25 0 0 0 .125-.216V7.639l-7.75 4.474ZM3.501 7.64v8.803c0 .09.048.172.125.216l7.625 4.402v-8.947Z"
        />
      </svg>
      <span>
        Track your order status
      </span>
    </p>
    <p>
      <svg
        fill="none"
        height="50"
        stroke="currentColor"
        stroke-linecap="round"
        stroke-linejoin="round"
        stroke-width="2"
        viewBox="0 0 24 24"
        width="50"
        xmlns="http://www.w3.org/2000/svg"
      >
        <path
          d="M0 0h24v24H0z"
          fill="none"
          stroke="none"
        />
        <path
          d="M4 19a2 2 0 1 0 4 0a2 2 0 0 0 -4 0"
        />
        <path
          d="M12.5 17h-6.5v-14h-2"
        />
        <path
          d="M6 5l14 1l-.859 6.011m-6.141 .989h-7"
        />
        <path
          d="M16 21l5 -5"
        />
        <path
          d="M21 21v.01"
        />
        <path
          d="M16 16v.01"
        />
      </svg>
      <span>
        Benefit from discounts and special bargains
      </span>
    </p>
  </div>
</div>
`;
